// Jest Snapshot v1, https://goo.gl/fbAQLP

exports[`MathEquation Editor Node MathEquation component edits properties 1`] = `"<div><div class=\\"component obojobo-draft--chunks--math-equation pad align-center\\" contenteditable=\\"false\\"><div class=\\"non-editable-chunk\\"><div class=\\"katex-container\\" style=\\"font-size: 20em;\\">mock-katex-render-for-1-with-options-{\\"displayMode\\":true}</div><div class=\\"equation-label\\">mockValue</div></div><div class=\\"attributes-box  is-open\\" contenteditable=\\"false\\"><div class=\\"box-border\\"><div class=\\"attributes-list\\"><div class=\\"attribute\\"><label for=\\"math-equation-latex\\">Latex:</label><input id=\\"math-equation-latex\\" value=\\"1\\"></div><div class=\\"attribute\\"><label for=\\"math-equation-label\\">Optional Label:</label><input id=\\"math-equation-label\\" value=\\"mockValue\\"></div><div class=\\"attribute\\"><label for=\\"math-equation-alt\\">Alt Text:</label><input id=\\"math-equation-alt\\" value=\\"\\"></div><div class=\\"attribute\\"><label for=\\"math-equation-size\\">Size:</label><input id=\\"math-equation-size\\" type=\\"number\\" step=\\"0.1\\" max=\\"20\\" min=\\"0.1\\" value=\\"20\\"></div><div><div class=\\"obojobo-draft--components--button is-not-dangerous align-center\\"><button class=\\"button\\" contenteditable=\\"false\\">Done</button></div></div></div></div></div></div></div>"`;

exports[`MathEquation Editor Node MathEquation component restricts minimum size to 0.1 1`] = `"<div><div class=\\"component obojobo-draft--chunks--math-equation pad align-center\\" contenteditable=\\"false\\"><div class=\\"non-editable-chunk\\"><div class=\\"katex-container\\" style=\\"font-size: 0.1em;\\">mock-katex-render-for-1-with-options-{\\"displayMode\\":true}</div><div class=\\"equation-label\\">1.1</div></div><div class=\\"attributes-box  is-open\\" contenteditable=\\"false\\"><div class=\\"box-border\\"><div class=\\"attributes-list\\"><div class=\\"attribute\\"><label for=\\"math-equation-latex\\">Latex:</label><input id=\\"math-equation-latex\\" value=\\"1\\"></div><div class=\\"attribute\\"><label for=\\"math-equation-label\\">Optional Label:</label><input id=\\"math-equation-label\\" value=\\"1.1\\"></div><div class=\\"attribute\\"><label for=\\"math-equation-alt\\">Alt Text:</label><input id=\\"math-equation-alt\\" value=\\"\\"></div><div class=\\"attribute\\"><label for=\\"math-equation-size\\">Size:</label><input id=\\"math-equation-size\\" type=\\"number\\" step=\\"0.1\\" max=\\"20\\" min=\\"0.1\\" value=\\"0.1\\"></div><div><div class=\\"obojobo-draft--components--button is-not-dangerous align-center\\"><button class=\\"button\\" contenteditable=\\"false\\">Done</button></div></div></div></div></div></div></div>"`;

exports[`MathEquation Editor Node MathEquation component sets blank values to 1 1`] = `"<div><div class=\\"component obojobo-draft--chunks--math-equation pad align-center\\" contenteditable=\\"false\\"><div class=\\"non-editable-chunk\\"><div class=\\"katex-container\\" style=\\"font-size: 1em;\\">mock-katex-render-for-1-with-options-{\\"displayMode\\":true}</div><div class=\\"equation-label\\">1.1</div></div><div class=\\"attributes-box  is-open\\" contenteditable=\\"false\\"><div class=\\"box-border\\"><div class=\\"attributes-list\\"><div class=\\"attribute\\"><label for=\\"math-equation-latex\\">Latex:</label><input id=\\"math-equation-latex\\" value=\\"1\\"></div><div class=\\"attribute\\"><label for=\\"math-equation-label\\">Optional Label:</label><input id=\\"math-equation-label\\" value=\\"1.1\\"></div><div class=\\"attribute\\"><label for=\\"math-equation-alt\\">Alt Text:</label><input id=\\"math-equation-alt\\" value=\\"\\"></div><div class=\\"attribute\\"><label for=\\"math-equation-size\\">Size:</label><input id=\\"math-equation-size\\" type=\\"number\\" step=\\"0.1\\" max=\\"20\\" min=\\"0.1\\" value=\\"1\\"></div><div><div class=\\"obojobo-draft--components--button is-not-dangerous align-center\\"><button class=\\"button\\" contenteditable=\\"false\\">Done</button></div></div></div></div></div></div></div>"`;

exports[`MathEquation Editor Node MathEquation component with error 1`] = `
<div>
  <div
    className="component obojobo-draft--chunks--math-equation pad align-center"
    contentEditable={false}
    onClick={[Function]}
  >
    <div
      className="katex-container katex-error"
    >
      <p>
        Mock katex render error
      </p>
    </div>
  </div>
</div>
`;

exports[`MathEquation Editor Node MathEquation component with label 1`] = `
<div>
  <div
    className="component obojobo-draft--chunks--math-equation pad align-center"
    contentEditable={false}
    onClick={[Function]}
  >
    <div
      className="non-editable-chunk"
    >
      <div
        className="katex-container"
        dangerouslySetInnerHTML={
          Object {
            "__html": "mock-katex-render-for-1-with-options-{\\"displayMode\\":true}",
          }
        }
        style={
          Object {
            "fontSize": "1em",
          }
        }
      />
    </div>
  </div>
</div>
`;

exports[`MathEquation Editor Node renders with no latex 1`] = `
<div>
  <div
    className="component obojobo-draft--chunks--math-equation pad align-center"
    contentEditable={false}
    onClick={[Function]}
  >
    <div
      className="non-editable-chunk"
    >
      <div
        className="katex-display"
      >
        <span
          className="no-equation"
        >
          No Equation (Click to edit)
        </span>
      </div>
    </div>
  </div>
</div>
`;
