// Jest Snapshot v1, https://goo.gl/fbAQLP

exports[`MathEquationProperties MathEquationProperties component 1`] = `"<div class=\\"obojobo-draft--components--modal--simple-dialog\\"><div class=\\"obojobo-draft--components--modal--dialog\\"><div class=\\"obojobo-draft--components--modal--modal\\" role=\\"dialog\\" aria-labelledby=\\"obojobo-draft--components--modal--modal--content\\"><input class=\\"first-tab\\" type=\\"text\\"><div class=\\"content\\" id=\\"obojobo-draft--components--modal--modal--content\\"><h1 class=\\"heading\\" style=\\"text-align: center;\\">Edit Latex Equation</h1><div class=\\"dialog-content\\" style=\\"text-align: center;\\"><div class=\\"math-equation-properties\\"><div><label>Latex Equation:</label><input type=\\"text\\" id=\\"obojobo-draft--chunks--math-equation--latex\\" value=\\"\\"><span class=\\"error\\"></span><label>Alt:</label><input type=\\"text\\" id=\\"obojobo-draft--chunks--math-equation--alt\\" value=\\"\\"><label>Optional Equation Label:</label><input type=\\"text\\" id=\\"obojobo-draft--chunks--math-equation--label\\" value=\\"\\"><label>Size: (1 is the default font size)</label><input type=\\"number\\" step=\\"0.1\\" min=\\"0.5\\" max=\\"10\\" id=\\"obojobo-draft--chunks--math-equation--size\\" value=\\"1\\"></div><div class=\\"preview-container\\"><span class=\\"preview-title\\">Equation Preview</span><div class=\\"katex-container\\"><div style=\\"font-size: undefinedem;\\" aria-hidden=\\"true\\" class=\\"katex-preview\\"></div></div></div></div></div><div class=\\"controls\\"><div class=\\"obojobo-draft--components--button alt-action is-not-dangerous align-center\\"><button class=\\"button\\">Cancel</button></div><div class=\\"obojobo-draft--components--button is-not-dangerous align-center\\"><button class=\\"button\\" tabindex=\\"0\\">OK</button></div></div></div><input class=\\"last-tab\\" type=\\"text\\"></div></div></div>"`;

exports[`MathEquationProperties MathEquationProperties component changes alt 1`] = `"<div class=\\"obojobo-draft--components--modal--simple-dialog\\"><div class=\\"obojobo-draft--components--modal--dialog\\"><div class=\\"obojobo-draft--components--modal--modal\\" role=\\"dialog\\" aria-labelledby=\\"obojobo-draft--components--modal--modal--content\\"><input class=\\"first-tab\\" type=\\"text\\"><div class=\\"content\\" id=\\"obojobo-draft--components--modal--modal--content\\"><h1 class=\\"heading\\" style=\\"text-align: center;\\">Edit Latex Equation</h1><div class=\\"dialog-content\\" style=\\"text-align: center;\\"><div class=\\"math-equation-properties\\"><div><label>Latex Equation:</label><input type=\\"text\\" id=\\"obojobo-draft--chunks--math-equation--latex\\" value=\\"\\"><span class=\\"error\\"></span><label>Alt:</label><input type=\\"text\\" id=\\"obojobo-draft--chunks--math-equation--alt\\" value=\\"y = 5\\"><label>Optional Equation Label:</label><input type=\\"text\\" id=\\"obojobo-draft--chunks--math-equation--label\\" value=\\"\\"><label>Size: (1 is the default font size)</label><input type=\\"number\\" step=\\"0.1\\" min=\\"0.5\\" max=\\"10\\" id=\\"obojobo-draft--chunks--math-equation--size\\" value=\\"1\\"></div><div class=\\"preview-container\\"><span class=\\"preview-title\\">Equation Preview</span><div class=\\"katex-container\\"><div style=\\"font-size: undefinedem;\\" aria-hidden=\\"true\\" class=\\"katex-preview\\"></div></div></div></div></div><div class=\\"controls\\"><div class=\\"obojobo-draft--components--button alt-action is-not-dangerous align-center\\"><button class=\\"button\\">Cancel</button></div><div class=\\"obojobo-draft--components--button is-not-dangerous align-center\\"><button class=\\"button\\" tabindex=\\"0\\">OK</button></div></div></div><input class=\\"last-tab\\" type=\\"text\\"></div></div></div>"`;

exports[`MathEquationProperties MathEquationProperties component changes label 1`] = `"<div class=\\"obojobo-draft--components--modal--simple-dialog\\"><div class=\\"obojobo-draft--components--modal--dialog\\"><div class=\\"obojobo-draft--components--modal--modal\\" role=\\"dialog\\" aria-labelledby=\\"obojobo-draft--components--modal--modal--content\\"><input class=\\"first-tab\\" type=\\"text\\"><div class=\\"content\\" id=\\"obojobo-draft--components--modal--modal--content\\"><h1 class=\\"heading\\" style=\\"text-align: center;\\">Edit Latex Equation</h1><div class=\\"dialog-content\\" style=\\"text-align: center;\\"><div class=\\"math-equation-properties\\"><div><label>Latex Equation:</label><input type=\\"text\\" id=\\"obojobo-draft--chunks--math-equation--latex\\" value=\\"\\"><span class=\\"error\\"></span><label>Alt:</label><input type=\\"text\\" id=\\"obojobo-draft--chunks--math-equation--alt\\" value=\\"\\"><label>Optional Equation Label:</label><input type=\\"text\\" id=\\"obojobo-draft--chunks--math-equation--label\\" value=\\"\\"><label>Size: (1 is the default font size)</label><input type=\\"number\\" step=\\"0.1\\" min=\\"0.5\\" max=\\"10\\" id=\\"obojobo-draft--chunks--math-equation--size\\" value=\\"1.1\\"></div><div class=\\"preview-container\\"><span class=\\"preview-title\\">Equation Preview</span><div class=\\"katex-container\\"><div style=\\"font-size: 1.1em;\\" aria-hidden=\\"true\\" class=\\"katex-preview\\"></div></div></div></div></div><div class=\\"controls\\"><div class=\\"obojobo-draft--components--button alt-action is-not-dangerous align-center\\"><button class=\\"button\\">Cancel</button></div><div class=\\"obojobo-draft--components--button is-not-dangerous align-center\\"><button class=\\"button\\" tabindex=\\"0\\">OK</button></div></div></div><input class=\\"last-tab\\" type=\\"text\\"></div></div></div>"`;

exports[`MathEquationProperties MathEquationProperties component changes size 1`] = `"<div class=\\"obojobo-draft--components--modal--simple-dialog\\"><div class=\\"obojobo-draft--components--modal--dialog\\"><div class=\\"obojobo-draft--components--modal--modal\\" role=\\"dialog\\" aria-labelledby=\\"obojobo-draft--components--modal--modal--content\\"><input class=\\"first-tab\\" type=\\"text\\"><div class=\\"content\\" id=\\"obojobo-draft--components--modal--modal--content\\"><h1 class=\\"heading\\" style=\\"text-align: center;\\">Edit Latex Equation</h1><div class=\\"dialog-content\\" style=\\"text-align: center;\\"><div class=\\"math-equation-properties\\"><div><label>Latex Equation:</label><input type=\\"text\\" id=\\"obojobo-draft--chunks--math-equation--latex\\" value=\\"\\"><span class=\\"error\\"></span><label>Alt:</label><input type=\\"text\\" id=\\"obojobo-draft--chunks--math-equation--alt\\" value=\\"\\"><label>Optional Equation Label:</label><input type=\\"text\\" id=\\"obojobo-draft--chunks--math-equation--label\\" value=\\"2\\"><label>Size: (1 is the default font size)</label><input type=\\"number\\" step=\\"0.1\\" min=\\"0.5\\" max=\\"10\\" id=\\"obojobo-draft--chunks--math-equation--size\\" value=\\"1\\"></div><div class=\\"preview-container\\"><span class=\\"preview-title\\">Equation Preview</span><div class=\\"katex-container\\"><div style=\\"font-size: undefinedem;\\" aria-hidden=\\"true\\" class=\\"katex-preview\\"></div></div></div></div></div><div class=\\"controls\\"><div class=\\"obojobo-draft--components--button alt-action is-not-dangerous align-center\\"><button class=\\"button\\">Cancel</button></div><div class=\\"obojobo-draft--components--button is-not-dangerous align-center\\"><button class=\\"button\\" tabindex=\\"0\\">OK</button></div></div></div><input class=\\"last-tab\\" type=\\"text\\"></div></div></div>"`;

exports[`MathEquationProperties MathEquationProperties component focuses on first element 1`] = `"<div class=\\"obojobo-draft--components--modal--simple-dialog\\"><div class=\\"obojobo-draft--components--modal--dialog\\"><div class=\\"obojobo-draft--components--modal--modal\\" role=\\"dialog\\" aria-labelledby=\\"obojobo-draft--components--modal--modal--content\\"><input class=\\"first-tab\\" type=\\"text\\"><div class=\\"content\\" id=\\"obojobo-draft--components--modal--modal--content\\"><h1 class=\\"heading\\" style=\\"text-align: center;\\">Edit Latex Equation</h1><div class=\\"dialog-content\\" style=\\"text-align: center;\\"><div class=\\"math-equation-properties\\"><div><label>Latex Equation:</label><input type=\\"text\\" id=\\"obojobo-draft--chunks--math-equation--latex\\" value=\\"\\"><span class=\\"error\\"></span><label>Alt:</label><input type=\\"text\\" id=\\"obojobo-draft--chunks--math-equation--alt\\" value=\\"\\"><label>Optional Equation Label:</label><input type=\\"text\\" id=\\"obojobo-draft--chunks--math-equation--label\\" value=\\"\\"><label>Size: (1 is the default font size)</label><input type=\\"number\\" step=\\"0.1\\" min=\\"0.5\\" max=\\"10\\" id=\\"obojobo-draft--chunks--math-equation--size\\" value=\\"1\\"></div><div class=\\"preview-container\\"><span class=\\"preview-title\\">Equation Preview</span><div class=\\"katex-container\\"><div style=\\"font-size: undefinedem;\\" aria-hidden=\\"true\\" class=\\"katex-preview\\"></div></div></div></div></div><div class=\\"controls\\"><div class=\\"obojobo-draft--components--button alt-action is-not-dangerous align-center\\"><button class=\\"button\\">Cancel</button></div><div class=\\"obojobo-draft--components--button is-not-dangerous align-center\\"><button class=\\"button\\" tabindex=\\"0\\">OK</button></div></div></div><input class=\\"last-tab\\" type=\\"text\\"></div></div></div>"`;
