// Jest Snapshot v1, https://goo.gl/fbAQLP

exports[`Break Editor Node Node builds the expected component 1`] = `
<div>
  <div
    className="non-editable-chunk obojobo-draft--chunks--break viewer width-undefined"
  >
    <hr />
    <span
      className="invisibleText"
    />
  </div>
</div>
`;
