// Jest Snapshot v1, https://goo.gl/fbAQLP

exports[`Table Editor Node Table component 1`] = `
<div>
  <div
    className="obojobo-draft--chunks--table viewer pad"
  >
    <div
      className="container"
    >
      <table
        className="view"
      >
        <tbody />
      </table>
    </div>
    <div
      className="table-editor-buttons"
    >
      <button
        onClick={[Function]}
      >
        Toggle Header
      </button>
    </div>
  </div>
</div>
`;

exports[`Table Editor Node Table component toggles header 1`] = `"<div><div class=\\"obojobo-draft--chunks--table viewer pad\\"><div class=\\"container\\"><table class=\\"view\\"><tbody></tbody></table></div><div class=\\"table-editor-buttons\\"><button>Toggle Header</button></div></div></div>"`;
