// Jest Snapshot v1, https://goo.gl/fbAQLP

exports[`Line Editor Node Line component 1`] = `
<div>
  <li
    data-hanging-indent={true}
  />
</div>
`;
