// Jest Snapshot v1, https://goo.gl/fbAQLP

exports[`List Editor Node List component when not selected 1`] = `
<div>
  <div
    className="text-chunk obojobo-draft--chunks--list pad"
  />
</div>
`;
