// Jest Snapshot v1, https://goo.gl/fbAQLP

exports[`File Menu File Menu node 1`] = `"<div class=\\"visual-editor--drop-down-menu\\"><div class=\\"dropdown  is-not-open\\" tabindex=\\"-1\\"><button class=\\"menu-title\\">File</button><div class=\\"menu-items\\"><button>Save</button><button>New</button><div class=\\"dropdown  is-not-open\\" tabindex=\\"-1\\"><button class=\\"menu-title\\">Open</button><div class=\\"menu-items\\"></div></div><button>Make a copy</button><div class=\\"dropdown  is-not-open\\" tabindex=\\"-1\\"><button class=\\"menu-title\\">Download</button><div class=\\"menu-items\\"><button>XML Document (.xml)</button><button>JSON Document (.json)</button></div></div><button>Rename</button><button>Delete</button><button>Copy LTI Link</button></div></div></div>"`;

exports[`File Menu FileMenu calls Copy 1`] = `"<div class=\\"visual-editor--drop-down-menu\\"><div class=\\"dropdown  is-not-open\\" tabindex=\\"-1\\"><button class=\\"menu-title\\">File</button><div class=\\"menu-items\\"><button>Save</button><button>New</button><div class=\\"dropdown  is-not-open\\" tabindex=\\"-1\\"><button class=\\"menu-title\\">Open</button><div class=\\"menu-items\\"></div></div><button>Make a copy</button><div class=\\"dropdown  is-not-open\\" tabindex=\\"-1\\"><button class=\\"menu-title\\">Download</button><div class=\\"menu-items\\"><button>XML Document (.xml)</button><button>JSON Document (.json)</button></div></div><button>Rename</button><button>Delete</button><button>Copy LTI Link</button></div></div></div>"`;

exports[`File Menu FileMenu calls Copy LTI Link 1`] = `"<div class=\\"visual-editor--drop-down-menu\\"><div class=\\"dropdown  is-not-open\\" tabindex=\\"-1\\"><button class=\\"menu-title\\">File</button><div class=\\"menu-items\\"><button>Save</button><button>New</button><div class=\\"dropdown  is-not-open\\" tabindex=\\"-1\\"><button class=\\"menu-title\\">Open</button><div class=\\"menu-items\\"></div></div><button>Make a copy</button><div class=\\"dropdown  is-not-open\\" tabindex=\\"-1\\"><button class=\\"menu-title\\">Download</button><div class=\\"menu-items\\"><button>XML Document (.xml)</button><button>JSON Document (.json)</button></div></div><button>Rename</button><button>Delete</button><button>Copy LTI Link</button></div></div></div>"`;

exports[`File Menu FileMenu calls Delete 1`] = `"<div class=\\"visual-editor--drop-down-menu\\"><div class=\\"dropdown  is-not-open\\" tabindex=\\"-1\\"><button class=\\"menu-title\\">File</button><div class=\\"menu-items\\"><button>Save</button><button>New</button><div class=\\"dropdown  is-not-open\\" tabindex=\\"-1\\"><button class=\\"menu-title\\">Open</button><div class=\\"menu-items\\"></div></div><button>Make a copy</button><div class=\\"dropdown  is-not-open\\" tabindex=\\"-1\\"><button class=\\"menu-title\\">Download</button><div class=\\"menu-items\\"><button>XML Document (.xml)</button><button>JSON Document (.json)</button></div></div><button>Rename</button><button>Delete</button><button>Copy LTI Link</button></div></div></div>"`;

exports[`File Menu FileMenu calls Download 1`] = `"<div class=\\"visual-editor--drop-down-menu\\"><div class=\\"dropdown  is-not-open\\" tabindex=\\"-1\\"><button class=\\"menu-title\\">File</button><div class=\\"menu-items\\"><button>Save</button><button>New</button><div class=\\"dropdown  is-not-open\\" tabindex=\\"-1\\"><button class=\\"menu-title\\">Open</button><div class=\\"menu-items\\"></div></div><button>Make a copy</button><div class=\\"dropdown  is-not-open\\" tabindex=\\"-1\\"><button class=\\"menu-title\\">Download</button><div class=\\"menu-items\\"><button>XML Document (.xml)</button><button>JSON Document (.json)</button></div></div><button>Rename</button><button>Delete</button><button>Copy LTI Link</button></div></div></div>"`;

exports[`File Menu FileMenu calls Open 1`] = `"<div class=\\"visual-editor--drop-down-menu\\"><div class=\\"dropdown  is-not-open\\" tabindex=\\"-1\\"><button class=\\"menu-title\\">File</button><div class=\\"menu-items\\"><button>Save</button><button>New</button><div class=\\"dropdown  is-not-open\\" tabindex=\\"-1\\"><button class=\\"menu-title\\">Open</button><div class=\\"menu-items\\"><button>Mock Other Title</button></div></div><button>Make a copy</button><div class=\\"dropdown  is-not-open\\" tabindex=\\"-1\\"><button class=\\"menu-title\\">Download</button><div class=\\"menu-items\\"><button>XML Document (.xml)</button><button>JSON Document (.json)</button></div></div><button>Rename</button><button>Delete</button><button>Copy LTI Link</button></div></div></div>"`;

exports[`File Menu FileMenu calls Rename 1`] = `"<div class=\\"visual-editor--drop-down-menu\\"><div class=\\"dropdown  is-not-open\\" tabindex=\\"-1\\"><button class=\\"menu-title\\">File</button><div class=\\"menu-items\\"><button>Save</button><button>New</button><div class=\\"dropdown  is-not-open\\" tabindex=\\"-1\\"><button class=\\"menu-title\\">Open</button><div class=\\"menu-items\\"></div></div><button>Make a copy</button><div class=\\"dropdown  is-not-open\\" tabindex=\\"-1\\"><button class=\\"menu-title\\">Download</button><div class=\\"menu-items\\"><button>XML Document (.xml)</button><button>JSON Document (.json)</button></div></div><button>Rename</button><button>Delete</button><button>Copy LTI Link</button></div></div></div>"`;

exports[`File Menu FileMenu calls new 1`] = `"<div class=\\"visual-editor--drop-down-menu\\"><div class=\\"dropdown  is-not-open\\" tabindex=\\"-1\\"><button class=\\"menu-title\\">File</button><div class=\\"menu-items\\"><button>Save</button><button>New</button><div class=\\"dropdown  is-not-open\\" tabindex=\\"-1\\"><button class=\\"menu-title\\">Open</button><div class=\\"menu-items\\"></div></div><button>Make a copy</button><div class=\\"dropdown  is-not-open\\" tabindex=\\"-1\\"><button class=\\"menu-title\\">Download</button><div class=\\"menu-items\\"><button>XML Document (.xml)</button><button>JSON Document (.json)</button></div></div><button>Rename</button><button>Delete</button><button>Copy LTI Link</button></div></div></div>"`;

exports[`File Menu FileMenu calls save 1`] = `"<div class=\\"visual-editor--drop-down-menu\\"><div class=\\"dropdown  is-not-open\\" tabindex=\\"-1\\"><button class=\\"menu-title\\">File</button><div class=\\"menu-items\\"><button>Save</button><button>New</button><div class=\\"dropdown  is-not-open\\" tabindex=\\"-1\\"><button class=\\"menu-title\\">Open</button><div class=\\"menu-items\\"></div></div><button>Make a copy</button><div class=\\"dropdown  is-not-open\\" tabindex=\\"-1\\"><button class=\\"menu-title\\">Download</button><div class=\\"menu-items\\"><button>XML Document (.xml)</button><button>JSON Document (.json)</button></div></div><button>Rename</button><button>Delete</button><button>Copy LTI Link</button></div></div></div>"`;
