// Jest Snapshot v1, https://goo.gl/fbAQLP

exports[`Format Menu FormatMenu node 1`] = `
"<div class=\\"visual-editor--drop-down-menu\\"><div class=\\"dropdown  is-not-open\\" tabindex=\\"-1\\"><button class=\\"menu-title\\">Format</button><div class=\\"menu-items\\"><div class=\\"dropdown  is-not-open\\" tabindex=\\"-1\\"><button class=\\"menu-title\\">Text</button><div class=\\"menu-items\\"><button>Bold<span>
B</span></button><button>Italic<span>
I</span></button><button>Strikethrough<span>
D</span></button><button>Quote<span>
\\"</span></button><button>Monospace<span>
M</span></button><button>Equation<span>
/</span></button><button>Link<span>
K</span></button><button>Superscript<span>
.</span></button><button>Subscript<span>
,</span></button></div></div><div class=\\"dropdown  is-not-open\\" tabindex=\\"-1\\"><button class=\\"menu-title\\">Paragraph styles</button><div class=\\"menu-items\\"><button>Normal Text<span>
Ctrl+Shift+Space</span></button><button>Heading 1<span>
Ctrl+Shift+1</span></button><button>Heading 2<span>
Ctrl+Shift+2</span></button><button>Heading 3<span>
Ctrl+Shift+3</span></button><button>Heading 4<span>
Ctrl+Shift+4</span></button><button>Heading 5<span>
Ctrl+Shift+5</span></button><button>Heading 6<span>
Ctrl+Shift+6</span></button><button>Code<span>
Ctrl+Shift+C</span></button></div></div><div class=\\"dropdown  is-not-open\\" tabindex=\\"-1\\"><button class=\\"menu-title\\">Align &amp; indent</button><div class=\\"menu-items\\"><button>Left Align<span>
L</span></button><button>Center Align<span>
R</span></button><button>Right Align<span>
E</span></button><button>Indent<span>
Alt+Tab</span></button><button>Unindent<span>
Shift+Tab</span></button><button>Hanging Indent<span>
H</span></button></div></div><div class=\\"dropdown  is-not-open\\" tabindex=\\"-1\\"><button class=\\"menu-title\\">Bullets &amp; numbering</button><div class=\\"menu-items\\"><div class=\\"dropdown  is-not-open\\" tabindex=\\"-1\\"><button class=\\"menu-title\\">Bulleted List</button><div class=\\"menu-items\\"><button>● Disc<span>
Ctrl+Shift+K</span></button><button>○ Circle</button><button>■ Square</button></div></div><div class=\\"dropdown  is-not-open\\" tabindex=\\"-1\\"><button class=\\"menu-title\\">Numbered List</button><div class=\\"menu-items\\"><button>Numbers<span>
Ctrl+Shift+L</span></button><button>Lowercase Alphabet</button><button>Lowercase Roman Numerals</button><button>Uppercase Alphabet</button><button>Uppercase Roman Numerals</button></div></div></div></div></div></div></div>"
`;
