// Jest Snapshot v1, https://goo.gl/fbAQLP

exports[`TextUtil parseMarkings converts styleList to leaves 1`] = `
Array [
  Object {
    "b": true,
    "text": "This",
  },
  Object {
    "i": true,
    "q": true,
    "text": "Text",
  },
  Object {
    "del": true,
    "num": -1,
    "q": true,
    "sup": true,
    "text": "Is",
  },
  Object {
    "children": Array [
      Object {
        "num": -1,
        "sup": true,
        "text": "Form",
      },
      Object {
        "text": "atted",
      },
    ],
    "href": "mockLink",
    "type": "a",
  },
]
`;

exports[`TextUtil parseMarkings converts styleList to leaves 2`] = `
Array [
  Object {
    "b": true,
    "text": "This",
  },
  Object {
    "i": true,
    "q": true,
    "text": "Text",
  },
  Object {
    "del": true,
    "num": -1,
    "q": true,
    "sup": true,
    "text": "Is",
  },
  Object {
    "children": Array [
      Object {
        "num": -1,
        "sup": true,
        "text": "Form",
      },
      Object {
        "text": "atted",
      },
    ],
    "href": "mockLink",
    "type": "a",
  },
]
`;

exports[`TextUtil parseMarkings creates leaves without styleList 1`] = `
Array [
  Object {
    "text": "ThisTextIsFormatted",
  },
]
`;

exports[`TextUtil slateToOboText converts a text node to a textGroup 1`] = `undefined`;
