// Jest Snapshot v1, https://goo.gl/fbAQLP

exports[`ImportQuestionModal ImportQuestionModal component 1`] = `"<div class=\\"obojobo-draft--components--modal--dialog \\"><div class=\\"obojobo-draft--components--modal--modal\\" role=\\"dialog\\" aria-labelledby=\\"obojobo-draft--components--modal--modal--content\\"><input class=\\"first-tab\\" type=\\"text\\"><div class=\\"content\\" id=\\"obojobo-draft--components--modal--modal--content\\"><h1 class=\\"heading\\" style=\\"text-align: center;\\">Select questions from the current module</h1><div class=\\"dialog-content\\" style=\\"text-align: center;\\"><div class=\\"import-questions-model\\" style=\\"display: none;\\"><div class=\\"import-model--question-content is-not-selected\\"></div><div class=\\"import-model--question-content is-not-selected\\"></div></div><div>Loading...</div></div><div class=\\"controls\\"><div class=\\"obojobo-draft--components--button alt-action is-not-dangerous align-center\\"><button class=\\"button\\" contenteditable=\\"false\\">Cancel</button></div><div class=\\"obojobo-draft--components--button is-not-dangerous align-center\\"><button class=\\"button\\" contenteditable=\\"false\\" tabindex=\\"0\\">Import</button></div></div></div><input class=\\"last-tab\\" type=\\"text\\"></div></div>"`;

exports[`ImportQuestionModal ImportQuestionModal component clicks on question updates the state 1`] = `"<div class=\\"obojobo-draft--components--modal--dialog \\"><div class=\\"obojobo-draft--components--modal--modal\\" role=\\"dialog\\" aria-labelledby=\\"obojobo-draft--components--modal--modal--content\\"><input class=\\"first-tab\\" type=\\"text\\"><div class=\\"content\\" id=\\"obojobo-draft--components--modal--modal--content\\"><h1 class=\\"heading\\" style=\\"text-align: center;\\">Select questions from the current module</h1><div class=\\"dialog-content\\" style=\\"text-align: center;\\"><div class=\\"import-questions-model\\"><div class=\\"import-model--question-content is-selected\\"><div>Item</div></div><div class=\\"import-model--question-content is-not-selected\\"><div>Item</div></div></div></div><div class=\\"controls\\"><div class=\\"obojobo-draft--components--button alt-action is-not-dangerous align-center\\"><button class=\\"button\\" contenteditable=\\"false\\">Cancel</button></div><div class=\\"obojobo-draft--components--button is-not-dangerous align-center\\"><button class=\\"button\\" contenteditable=\\"false\\" tabindex=\\"0\\">Import</button></div></div></div><input class=\\"last-tab\\" type=\\"text\\"></div></div>"`;
