// Jest Snapshot v1, https://goo.gl/fbAQLP

exports[`YouTubeProperties component renders correctly YouTubePlayer renders correctly 1`] = `"<div><div id=\\"obojobo-draft--chunks-you-tube-player-mockId\\" class=\\"obojobo-draft--chunks-you-tube-player\\"></div></div>"`;
