// Jest Snapshot v1, https://goo.gl/fbAQLP

exports[`YouTubeProperties modal YouTubeProperties component changes endTime 1`] = `"<div class=\\"obojobo-draft--components--modal--simple-dialog\\"><div class=\\"obojobo-draft--components--modal--dialog \\"><div class=\\"obojobo-draft--components--modal--modal\\" role=\\"dialog\\" aria-labelledby=\\"obojobo-draft--components--modal--modal--content\\"><input class=\\"first-tab\\" type=\\"text\\"><div class=\\"content\\" id=\\"obojobo-draft--components--modal--modal--content\\"><h1 class=\\"heading\\" style=\\"text-align: center;\\">YouTube Video</h1><div class=\\"dialog-content\\" style=\\"text-align: center;\\"><div class=\\"youtube-video-properties\\"><div class=\\"youtube-video-properties-input-wrapper\\"><label>Youtube video url:</label><div><div class=\\"obojobo-draft--components--more-info-button is-default-label is-mode-hidden\\"><button aria-label=\\"Click to explain youtube video options\\">?</button></div></div></div><input id=\\"obojobo-draft--chunks--youtube--video-url\\" type=\\"text\\" value=\\"\\"><input id=\\"obojobo-draft--chunks--youtube--video-id\\" type=\\"hidden\\" value=\\"\\"><label>Start time (optional):</label><input type=\\"number\\" min=\\"0\\" value=\\"100\\"><small>Seconds or MM:SS format (e.g. 135 or 2:15)</small><span class=\\"error\\"></span><label>End time (optional):</label><input type=\\"number\\" min=\\"1\\" value=\\"\\"><span class=\\"error\\"></span></div></div><div class=\\"controls\\"><div class=\\"obojobo-draft--components--button alt-action is-not-dangerous align-center\\"><button class=\\"button\\" contenteditable=\\"false\\">Cancel</button></div><div class=\\"obojobo-draft--components--button is-not-dangerous align-center\\"><button class=\\"button\\" contenteditable=\\"false\\" tabindex=\\"0\\">OK</button></div></div></div><input class=\\"last-tab\\" type=\\"text\\"></div></div></div>"`;

exports[`YouTubeProperties modal YouTubeProperties component changes id 1`] = `"<div class=\\"obojobo-draft--components--modal--simple-dialog\\"><div class=\\"obojobo-draft--components--modal--dialog \\"><div class=\\"obojobo-draft--components--modal--modal\\" role=\\"dialog\\" aria-labelledby=\\"obojobo-draft--components--modal--modal--content\\"><input class=\\"first-tab\\" type=\\"text\\"><div class=\\"content\\" id=\\"obojobo-draft--components--modal--modal--content\\"><h1 class=\\"heading\\" style=\\"text-align: center;\\">YouTube Video</h1><div class=\\"dialog-content\\" style=\\"text-align: center;\\"><div class=\\"youtube-video-properties\\"><div class=\\"youtube-video-properties-input-wrapper\\"><label>Youtube video url:</label><div><div class=\\"obojobo-draft--components--more-info-button is-default-label is-mode-hidden\\"><button aria-label=\\"Click to explain youtube video options\\">?</button></div></div></div><input id=\\"obojobo-draft--chunks--youtube--video-url\\" type=\\"text\\" value=\\"mockVideoId\\" class=\\"youtube--video-invalid\\"><input id=\\"obojobo-draft--chunks--youtube--video-id\\" type=\\"hidden\\" value=\\"\\"><label>Start time (optional):</label><input type=\\"number\\" min=\\"0\\" value=\\"\\"><small>Seconds or MM:SS format (e.g. 135 or 2:15)</small><span class=\\"error\\"></span><label>End time (optional):</label><input type=\\"number\\" min=\\"1\\" value=\\"\\"><span class=\\"error\\"></span></div></div><div class=\\"controls\\"><div class=\\"obojobo-draft--components--button alt-action is-not-dangerous align-center\\"><button class=\\"button\\" contenteditable=\\"false\\">Cancel</button></div><div class=\\"obojobo-draft--components--button is-not-dangerous align-center\\"><button class=\\"button\\" contenteditable=\\"false\\" tabindex=\\"0\\">OK</button></div></div></div><input class=\\"last-tab\\" type=\\"text\\"></div></div></div>"`;

exports[`YouTubeProperties modal YouTubeProperties component changes startTime 1`] = `"<div class=\\"obojobo-draft--components--modal--simple-dialog\\"><div class=\\"obojobo-draft--components--modal--dialog \\"><div class=\\"obojobo-draft--components--modal--modal\\" role=\\"dialog\\" aria-labelledby=\\"obojobo-draft--components--modal--modal--content\\"><input class=\\"first-tab\\" type=\\"text\\"><div class=\\"content\\" id=\\"obojobo-draft--components--modal--modal--content\\"><h1 class=\\"heading\\" style=\\"text-align: center;\\">YouTube Video</h1><div class=\\"dialog-content\\" style=\\"text-align: center;\\"><div class=\\"youtube-video-properties\\"><div class=\\"youtube-video-properties-input-wrapper\\"><label>Youtube video url:</label><div><div class=\\"obojobo-draft--components--more-info-button is-default-label is-mode-hidden\\"><button aria-label=\\"Click to explain youtube video options\\">?</button></div></div></div><input id=\\"obojobo-draft--chunks--youtube--video-url\\" type=\\"text\\" value=\\"\\"><input id=\\"obojobo-draft--chunks--youtube--video-id\\" type=\\"hidden\\" value=\\"\\"><label>Start time (optional):</label><input type=\\"number\\" min=\\"0\\" value=\\"\\"><small>Seconds or MM:SS format (e.g. 135 or 2:15)</small><span class=\\"error\\"></span><label>End time (optional):</label><input type=\\"number\\" min=\\"1\\" value=\\"\\"><span class=\\"error\\"></span></div></div><div class=\\"controls\\"><div class=\\"obojobo-draft--components--button alt-action is-not-dangerous align-center\\"><button class=\\"button\\" contenteditable=\\"false\\">Cancel</button></div><div class=\\"obojobo-draft--components--button is-not-dangerous align-center\\"><button class=\\"button\\" contenteditable=\\"false\\" tabindex=\\"0\\">OK</button></div></div></div><input class=\\"last-tab\\" type=\\"text\\"></div></div></div>"`;

exports[`YouTubeProperties modal YouTubeProperties component focuses on first element 1`] = `"<div class=\\"obojobo-draft--components--modal--simple-dialog\\"><div class=\\"obojobo-draft--components--modal--dialog \\"><div class=\\"obojobo-draft--components--modal--modal\\" role=\\"dialog\\" aria-labelledby=\\"obojobo-draft--components--modal--modal--content\\"><input class=\\"first-tab\\" type=\\"text\\"><div class=\\"content\\" id=\\"obojobo-draft--components--modal--modal--content\\"><h1 class=\\"heading\\" style=\\"text-align: center;\\">YouTube Video</h1><div class=\\"dialog-content\\" style=\\"text-align: center;\\"><div class=\\"youtube-video-properties\\"><div class=\\"youtube-video-properties-input-wrapper\\"><label>Youtube video url:</label><div><div class=\\"obojobo-draft--components--more-info-button is-default-label is-mode-hidden\\"><button aria-label=\\"Click to explain youtube video options\\">?</button></div></div></div><input id=\\"obojobo-draft--chunks--youtube--video-url\\" type=\\"text\\" value=\\"\\"><input id=\\"obojobo-draft--chunks--youtube--video-id\\" type=\\"hidden\\" value=\\"\\"><label>Start time (optional):</label><input type=\\"number\\" min=\\"0\\" value=\\"\\"><small>Seconds or MM:SS format (e.g. 135 or 2:15)</small><span class=\\"error\\"></span><label>End time (optional):</label><input type=\\"number\\" min=\\"1\\" value=\\"\\"><span class=\\"error\\"></span></div></div><div class=\\"controls\\"><div class=\\"obojobo-draft--components--button alt-action is-not-dangerous align-center\\"><button class=\\"button\\" contenteditable=\\"false\\">Cancel</button></div><div class=\\"obojobo-draft--components--button is-not-dangerous align-center\\"><button class=\\"button\\" contenteditable=\\"false\\" tabindex=\\"0\\">OK</button></div></div></div><input class=\\"last-tab\\" type=\\"text\\"></div></div></div>"`;

exports[`YouTubeProperties modal YouTubeProperties component renders correctly 1`] = `"<div class=\\"obojobo-draft--components--modal--simple-dialog\\"><div class=\\"obojobo-draft--components--modal--dialog \\"><div class=\\"obojobo-draft--components--modal--modal\\" role=\\"dialog\\" aria-labelledby=\\"obojobo-draft--components--modal--modal--content\\"><input class=\\"first-tab\\" type=\\"text\\"><div class=\\"content\\" id=\\"obojobo-draft--components--modal--modal--content\\"><h1 class=\\"heading\\" style=\\"text-align: center;\\">YouTube Video</h1><div class=\\"dialog-content\\" style=\\"text-align: center;\\"><div class=\\"youtube-video-properties\\"><div class=\\"youtube-video-properties-input-wrapper\\"><label>Youtube video url:</label><div><div class=\\"obojobo-draft--components--more-info-button is-default-label is-mode-hidden\\"><button aria-label=\\"Click to explain youtube video options\\">?</button></div></div></div><input id=\\"obojobo-draft--chunks--youtube--video-url\\" type=\\"text\\" value=\\"\\"><input id=\\"obojobo-draft--chunks--youtube--video-id\\" type=\\"hidden\\" value=\\"\\"><label>Start time (optional):</label><input type=\\"number\\" min=\\"0\\" value=\\"\\"><small>Seconds or MM:SS format (e.g. 135 or 2:15)</small><span class=\\"error\\"></span><label>End time (optional):</label><input type=\\"number\\" min=\\"1\\" value=\\"\\"><span class=\\"error\\"></span></div></div><div class=\\"controls\\"><div class=\\"obojobo-draft--components--button alt-action is-not-dangerous align-center\\"><button class=\\"button\\" contenteditable=\\"false\\">Cancel</button></div><div class=\\"obojobo-draft--components--button is-not-dangerous align-center\\"><button class=\\"button\\" contenteditable=\\"false\\" tabindex=\\"0\\">OK</button></div></div></div><input class=\\"last-tab\\" type=\\"text\\"></div></div></div>"`;
