// Jest Snapshot v1, https://goo.gl/fbAQLP

exports[`ChoiceList Editor Node ChoiceList builds the expected component 1`] = `
<div>
  <div
    className="obojobo-draft--components--button is-not-dangerous align-center choice-button pad"
  >
    <button
      className="button"
      onClick={[Function]}
    >
      + Add Choice
    </button>
  </div>
</div>
`;

exports[`ChoiceList Editor Node ChoiceList component adds choice 1`] = `"<div><div class=\\"obojobo-draft--components--button is-not-dangerous align-center choice-button pad\\"><button class=\\"button\\">+ Add Choice</button></div></div>"`;
