// Jest Snapshot v1, https://goo.gl/fbAQLP

exports[`Component Editor Node Node builds the expected component 1`] = `
<div
  className="oboeditor-component component"
  data-obo-component="true"
/>
`;
