// Jest Snapshot v1, https://goo.gl/fbAQLP

exports[`EditorNav Link component 1`] = `
<span
  className="editor--components--mark--link"
>
  <a
    href="mock href"
    title="mock href"
  />
</span>
`;
