// Jest Snapshot v1, https://goo.gl/fbAQLP

exports[`CodeEditor CodeEditor component 1`] = `
<div
  className="component editor--code-editor"
  onKeyDown={[Function]}
  onKeyPress={[Function]}
  onKeyUp={[Function]}
>
  <div
    className="draft-toolbars"
  >
    <input
      aria-label="Rename Module"
      className="draft-title"
      onBlur={[Function]}
      onChange={[Function]}
      value="Mock Title"
    />
  </div>
  Codemirror
</div>
`;

exports[`CodeEditor CodeEditor component in JSON_MODE 1`] = `"<div class=\\"component editor--code-editor\\"><div class=\\"draft-toolbars\\"><input class=\\"draft-title\\" aria-label=\\"Rename Module\\" value=\\"Mock Title\\"></div>Codemirror</div>"`;

exports[`CodeEditor changes the Editor title 1`] = `"<div class=\\"component editor--code-editor\\"><div class=\\"draft-toolbars\\"><input class=\\"draft-title\\" aria-label=\\"Rename Module\\" value=\\"mock new title\\"></div>Codemirror</div>"`;

exports[`CodeEditor changes the Editor title to blank 1`] = `"<div class=\\"component editor--code-editor\\"><div class=\\"draft-toolbars\\"><input class=\\"draft-title\\" aria-label=\\"Rename Module\\" value=\\"	\\"></div>Codemirror</div>"`;
