// Jest Snapshot v1, https://goo.gl/fbAQLP

exports[`Choose Image Modal ChooseImageModal component 1`] = `"<div class=\\"obojobo-draft--components--modal--simple-dialog\\"><div class=\\"obojobo-draft--components--modal--dialog\\"><div class=\\"obojobo-draft--components--modal--modal\\" role=\\"dialog\\" aria-labelledby=\\"obojobo-draft--components--modal--modal--content\\"><input class=\\"first-tab\\" type=\\"text\\"><div class=\\"content\\" id=\\"obojobo-draft--components--modal--modal--content\\"><h1 class=\\"heading\\" style=\\"text-align: center;\\">Choose an image</h1><div class=\\"dialog-content\\" style=\\"text-align: center;\\"><div class=\\"choose-image\\"><div class=\\"choose-image--image-controls\\"><div class=\\"choose-image--image-controls--upload\\"><input tabindex=\\"0\\" type=\\"file\\" name=\\"file\\" id=\\"file\\" class=\\"inputfile\\"><label for=\\"file\\">Upload new image</label></div><div class=\\"choose-image--image-controls--or\\">or</div><input id=\\"choose-image--image-controls--url\\" type=\\"text\\" placeholder=\\"Enter URL\\" value=\\"\\"></div><div class=\\"choose-image--divider\\"></div><small>Recently uploaded</small><div class=\\"choose-image--image-gallary\\"><h5>Loading...</h5></div></div></div><div class=\\"controls\\"><div class=\\"obojobo-draft--components--button alt-action is-not-dangerous align-center\\"><button class=\\"button\\">Cancel</button></div><div class=\\"obojobo-draft--components--button is-not-dangerous align-center\\"><button class=\\"button\\" tabindex=\\"0\\">OK</button></div></div></div><input class=\\"last-tab\\" type=\\"text\\"></div></div></div>"`;

exports[`Choose Image Modal ChooseImageModal component focuses on first element 1`] = `"<div class=\\"obojobo-draft--components--modal--simple-dialog\\"><div class=\\"obojobo-draft--components--modal--dialog\\"><div class=\\"obojobo-draft--components--modal--modal\\" role=\\"dialog\\" aria-labelledby=\\"obojobo-draft--components--modal--modal--content\\"><input class=\\"first-tab\\" type=\\"text\\"><div class=\\"content\\" id=\\"obojobo-draft--components--modal--modal--content\\"><h1 class=\\"heading\\" style=\\"text-align: center;\\">Choose an image</h1><div class=\\"dialog-content\\" style=\\"text-align: center;\\"><div class=\\"choose-image\\"><div class=\\"choose-image--image-controls\\"><div class=\\"choose-image--image-controls--upload\\"><input tabindex=\\"0\\" type=\\"file\\" name=\\"file\\" id=\\"file\\" class=\\"inputfile\\"><label for=\\"file\\">Upload new image</label></div><div class=\\"choose-image--image-controls--or\\">or</div><input id=\\"choose-image--image-controls--url\\" type=\\"text\\" placeholder=\\"Enter URL\\" value=\\"\\"></div><div class=\\"choose-image--divider\\"></div><small>Recently uploaded</small><div class=\\"choose-image--image-gallary\\"><h5>Loading...</h5></div></div></div><div class=\\"controls\\"><div class=\\"obojobo-draft--components--button alt-action is-not-dangerous align-center\\"><button class=\\"button\\">Cancel</button></div><div class=\\"obojobo-draft--components--button is-not-dangerous align-center\\"><button class=\\"button\\" tabindex=\\"0\\">OK</button></div></div></div><input class=\\"last-tab\\" type=\\"text\\"></div></div></div>"`;

exports[`Choose Image Modal ImageProperties click on \`Cancel\` 1`] = `"<div class=\\"obojobo-draft--components--modal--simple-dialog\\"><div class=\\"obojobo-draft--components--modal--dialog\\"><div class=\\"obojobo-draft--components--modal--modal\\" role=\\"dialog\\" aria-labelledby=\\"obojobo-draft--components--modal--modal--content\\"><input class=\\"first-tab\\" type=\\"text\\"><div class=\\"content\\" id=\\"obojobo-draft--components--modal--modal--content\\"><h1 class=\\"heading\\" style=\\"text-align: center;\\">Choose an image</h1><div class=\\"dialog-content\\" style=\\"text-align: center;\\"><div class=\\"choose-image\\"><div class=\\"choose-image--image-controls\\"><div class=\\"choose-image--image-controls--upload\\"><input tabindex=\\"0\\" type=\\"file\\" name=\\"file\\" id=\\"file\\" class=\\"inputfile\\"><label for=\\"file\\">Upload new image</label></div><div class=\\"choose-image--image-controls--or\\">or</div><input id=\\"choose-image--image-controls--url\\" type=\\"text\\" placeholder=\\"Enter URL\\" value=\\"\\"></div><div class=\\"choose-image--divider\\"></div><small>Recently uploaded</small><div class=\\"choose-image--image-gallary\\"><h5>Loading...</h5></div></div></div><div class=\\"controls\\"><div class=\\"obojobo-draft--components--button alt-action is-not-dangerous align-center\\"><button class=\\"button\\">Cancel</button></div><div class=\\"obojobo-draft--components--button is-not-dangerous align-center\\"><button class=\\"button\\" tabindex=\\"0\\">OK</button></div></div></div><input class=\\"last-tab\\" type=\\"text\\"></div></div></div>"`;

exports[`Choose Image Modal ImageProperties click on \`OK\` 1`] = `"<div class=\\"obojobo-draft--components--modal--simple-dialog\\"><div class=\\"obojobo-draft--components--modal--dialog\\"><div class=\\"obojobo-draft--components--modal--modal\\" role=\\"dialog\\" aria-labelledby=\\"obojobo-draft--components--modal--modal--content\\"><input class=\\"first-tab\\" type=\\"text\\"><div class=\\"content\\" id=\\"obojobo-draft--components--modal--modal--content\\"><h1 class=\\"heading\\" style=\\"text-align: center;\\">Choose an image</h1><div class=\\"dialog-content\\" style=\\"text-align: center;\\"><div class=\\"choose-image\\"><div class=\\"choose-image--image-controls\\"><div class=\\"choose-image--image-controls--upload\\"><input tabindex=\\"0\\" type=\\"file\\" name=\\"file\\" id=\\"file\\" class=\\"inputfile\\"><label for=\\"file\\">Upload new image</label></div><div class=\\"choose-image--image-controls--or\\">or</div><input id=\\"choose-image--image-controls--url\\" type=\\"text\\" placeholder=\\"Enter URL\\" value=\\"\\"></div><div class=\\"choose-image--divider\\"></div><small>Recently uploaded</small><div class=\\"choose-image--image-gallary\\"><h5>Loading...</h5></div></div></div><div class=\\"controls\\"><div class=\\"obojobo-draft--components--button alt-action is-not-dangerous align-center\\"><button class=\\"button\\">Cancel</button></div><div class=\\"obojobo-draft--components--button is-not-dangerous align-center\\"><button class=\\"button\\" tabindex=\\"0\\">OK</button></div></div></div><input class=\\"last-tab\\" type=\\"text\\"></div></div></div>"`;

exports[`Choose Image Modal ImageProperties click on \`View More...\` 1`] = `"<div class=\\"obojobo-draft--components--modal--simple-dialog\\"><div class=\\"obojobo-draft--components--modal--dialog\\"><div class=\\"obojobo-draft--components--modal--modal\\" role=\\"dialog\\" aria-labelledby=\\"obojobo-draft--components--modal--modal--content\\"><input class=\\"first-tab\\" type=\\"text\\"><div class=\\"content\\" id=\\"obojobo-draft--components--modal--modal--content\\"><h1 class=\\"heading\\" style=\\"text-align: center;\\">Choose an image</h1><div class=\\"dialog-content\\" style=\\"text-align: center;\\"><div class=\\"choose-image\\"><div class=\\"choose-image--image-controls\\"><div class=\\"choose-image--image-controls--upload\\"><input tabindex=\\"0\\" type=\\"file\\" name=\\"file\\" id=\\"file\\" class=\\"inputfile\\"><label for=\\"file\\">Upload new image</label></div><div class=\\"choose-image--image-controls--or\\">or</div><input id=\\"choose-image--image-controls--url\\" type=\\"text\\" placeholder=\\"Enter URL\\" value=\\"\\"></div><div class=\\"choose-image--divider\\"></div><small>Recently uploaded</small><div class=\\"choose-image--image-gallary\\"><img tabindex=\\"0\\" class=\\"image-gallary--single-photo\\" id=\\"mock_id\\" src=\\"/api/media/mock_id/small\\"><h5>Loading...</h5></div></div></div><div class=\\"controls\\"><div class=\\"obojobo-draft--components--button alt-action is-not-dangerous align-center\\"><button class=\\"button\\">Cancel</button></div><div class=\\"obojobo-draft--components--button is-not-dangerous align-center\\"><button class=\\"button\\" tabindex=\\"0\\">OK</button></div></div></div><input class=\\"last-tab\\" type=\\"text\\"></div></div></div>"`;

exports[`Choose Image Modal ImageProperties click on an image 1`] = `"<div class=\\"obojobo-draft--components--modal--simple-dialog\\"><div class=\\"obojobo-draft--components--modal--dialog\\"><div class=\\"obojobo-draft--components--modal--modal\\" role=\\"dialog\\" aria-labelledby=\\"obojobo-draft--components--modal--modal--content\\"><input class=\\"first-tab\\" type=\\"text\\"><div class=\\"content\\" id=\\"obojobo-draft--components--modal--modal--content\\"><h1 class=\\"heading\\" style=\\"text-align: center;\\">Choose an image</h1><div class=\\"dialog-content\\" style=\\"text-align: center;\\"><div class=\\"choose-image\\"><div class=\\"choose-image--image-controls\\"><div class=\\"choose-image--image-controls--upload\\"><input tabindex=\\"0\\" type=\\"file\\" name=\\"file\\" id=\\"file\\" class=\\"inputfile\\"><label for=\\"file\\">Upload new image</label></div><div class=\\"choose-image--image-controls--or\\">or</div><input id=\\"choose-image--image-controls--url\\" type=\\"text\\" placeholder=\\"Enter URL\\" value=\\"\\"></div><div class=\\"choose-image--divider\\"></div><small>Recently uploaded</small><div class=\\"choose-image--image-gallary\\"><img tabindex=\\"0\\" class=\\"image-gallary--single-photo\\" id=\\"mock_id\\" src=\\"/api/media/mock_id/small\\"></div></div></div><div class=\\"controls\\"><div class=\\"obojobo-draft--components--button alt-action is-not-dangerous align-center\\"><button class=\\"button\\">Cancel</button></div><div class=\\"obojobo-draft--components--button is-not-dangerous align-center\\"><button class=\\"button\\" tabindex=\\"0\\">OK</button></div></div></div><input class=\\"last-tab\\" type=\\"text\\"></div></div></div>"`;

exports[`Choose Image Modal ImageProperties component changes file 1`] = `"<div class=\\"obojobo-draft--components--modal--simple-dialog\\"><div class=\\"obojobo-draft--components--modal--dialog\\"><div class=\\"obojobo-draft--components--modal--modal\\" role=\\"dialog\\" aria-labelledby=\\"obojobo-draft--components--modal--modal--content\\"><input class=\\"first-tab\\" type=\\"text\\"><div class=\\"content\\" id=\\"obojobo-draft--components--modal--modal--content\\"><h1 class=\\"heading\\" style=\\"text-align: center;\\">Choose an image</h1><div class=\\"dialog-content\\" style=\\"text-align: center;\\"><div class=\\"choose-image\\"><div class=\\"choose-image--image-controls\\"><div class=\\"choose-image--image-controls--upload\\"><input tabindex=\\"0\\" type=\\"file\\" name=\\"file\\" id=\\"file\\" class=\\"inputfile\\"><label for=\\"file\\">Upload new image</label></div><div class=\\"choose-image--image-controls--or\\">or</div><input id=\\"choose-image--image-controls--url\\" type=\\"text\\" placeholder=\\"Enter URL\\" value=\\"\\"></div><div class=\\"choose-image--divider\\"></div><small>Recently uploaded</small><div class=\\"choose-image--image-gallary\\"><h5>Loading...</h5></div></div></div><div class=\\"controls\\"><div class=\\"obojobo-draft--components--button alt-action is-not-dangerous align-center\\"><button class=\\"button\\">Cancel</button></div><div class=\\"obojobo-draft--components--button is-not-dangerous align-center\\"><button class=\\"button\\" tabindex=\\"0\\">OK</button></div></div></div><input class=\\"last-tab\\" type=\\"text\\"></div></div></div>"`;

exports[`Choose Image Modal ImageProperties handle fetching error 1`] = `"<div class=\\"obojobo-draft--components--modal--simple-dialog\\"><div class=\\"obojobo-draft--components--modal--dialog\\"><div class=\\"obojobo-draft--components--modal--modal\\" role=\\"dialog\\" aria-labelledby=\\"obojobo-draft--components--modal--modal--content\\"><input class=\\"first-tab\\" type=\\"text\\"><div class=\\"content\\" id=\\"obojobo-draft--components--modal--modal--content\\"><h1 class=\\"heading\\" style=\\"text-align: center;\\">Choose an image</h1><div class=\\"dialog-content\\" style=\\"text-align: center;\\"><div class=\\"choose-image\\"><div class=\\"choose-image--image-controls\\"><div class=\\"choose-image--image-controls--upload\\"><input tabindex=\\"0\\" type=\\"file\\" name=\\"file\\" id=\\"file\\" class=\\"inputfile\\"><label for=\\"file\\">Upload new image</label></div><div class=\\"choose-image--image-controls--or\\">or</div><input id=\\"choose-image--image-controls--url\\" type=\\"text\\" placeholder=\\"Enter URL\\" value=\\"\\"></div><div class=\\"choose-image--divider\\"></div><small>Recently uploaded</small><div class=\\"choose-image--image-gallary\\"><h5>Loading...</h5></div></div></div><div class=\\"controls\\"><div class=\\"obojobo-draft--components--button alt-action is-not-dangerous align-center\\"><button class=\\"button\\">Cancel</button></div><div class=\\"obojobo-draft--components--button is-not-dangerous align-center\\"><button class=\\"button\\" tabindex=\\"0\\">OK</button></div></div></div><input class=\\"last-tab\\" type=\\"text\\"></div></div></div>"`;

exports[`Choose Image Modal ImageProperties onKeyPress \`enter\` on an image 1`] = `"<div class=\\"obojobo-draft--components--modal--simple-dialog\\"><div class=\\"obojobo-draft--components--modal--dialog\\"><div class=\\"obojobo-draft--components--modal--modal\\" role=\\"dialog\\" aria-labelledby=\\"obojobo-draft--components--modal--modal--content\\"><input class=\\"first-tab\\" type=\\"text\\"><div class=\\"content\\" id=\\"obojobo-draft--components--modal--modal--content\\"><h1 class=\\"heading\\" style=\\"text-align: center;\\">Choose an image</h1><div class=\\"dialog-content\\" style=\\"text-align: center;\\"><div class=\\"choose-image\\"><div class=\\"choose-image--image-controls\\"><div class=\\"choose-image--image-controls--upload\\"><input tabindex=\\"0\\" type=\\"file\\" name=\\"file\\" id=\\"file\\" class=\\"inputfile\\"><label for=\\"file\\">Upload new image</label></div><div class=\\"choose-image--image-controls--or\\">or</div><input id=\\"choose-image--image-controls--url\\" type=\\"text\\" placeholder=\\"Enter URL\\" value=\\"\\"></div><div class=\\"choose-image--divider\\"></div><small>Recently uploaded</small><div class=\\"choose-image--image-gallary\\"><img tabindex=\\"0\\" class=\\"image-gallary--single-photo\\" id=\\"mock_id\\" src=\\"/api/media/mock_id/small\\"></div></div></div><div class=\\"controls\\"><div class=\\"obojobo-draft--components--button alt-action is-not-dangerous align-center\\"><button class=\\"button\\">Cancel</button></div><div class=\\"obojobo-draft--components--button is-not-dangerous align-center\\"><button class=\\"button\\" tabindex=\\"0\\">OK</button></div></div></div><input class=\\"last-tab\\" type=\\"text\\"></div></div></div>"`;

exports[`Choose Image Modal ImageProperties onPress on an image 1`] = `"<div class=\\"obojobo-draft--components--modal--simple-dialog\\"><div class=\\"obojobo-draft--components--modal--dialog\\"><div class=\\"obojobo-draft--components--modal--modal\\" role=\\"dialog\\" aria-labelledby=\\"obojobo-draft--components--modal--modal--content\\"><input class=\\"first-tab\\" type=\\"text\\"><div class=\\"content\\" id=\\"obojobo-draft--components--modal--modal--content\\"><h1 class=\\"heading\\" style=\\"text-align: center;\\">Choose an image</h1><div class=\\"dialog-content\\" style=\\"text-align: center;\\"><div class=\\"choose-image\\"><div class=\\"choose-image--image-controls\\"><div class=\\"choose-image--image-controls--upload\\"><input tabindex=\\"0\\" type=\\"file\\" name=\\"file\\" id=\\"file\\" class=\\"inputfile\\"><label for=\\"file\\">Upload new image</label></div><div class=\\"choose-image--image-controls--or\\">or</div><input id=\\"choose-image--image-controls--url\\" type=\\"text\\" placeholder=\\"Enter URL\\" value=\\"\\"></div><div class=\\"choose-image--divider\\"></div><small>Recently uploaded</small><div class=\\"choose-image--image-gallary\\"><img tabindex=\\"0\\" class=\\"image-gallary--single-photo\\" id=\\"mock_id\\" src=\\"/api/media/mock_id/small\\"></div></div></div><div class=\\"controls\\"><div class=\\"obojobo-draft--components--button alt-action is-not-dangerous align-center\\"><button class=\\"button\\">Cancel</button></div><div class=\\"obojobo-draft--components--button is-not-dangerous align-center\\"><button class=\\"button\\" tabindex=\\"0\\">OK</button></div></div></div><input class=\\"last-tab\\" type=\\"text\\"></div></div></div>"`;
